tests for class BaseGeometry
============================

testing interger_validator
--------------------------
>>> BaseGeometry = __import__('7-base_geometry').BaseGeometry
>>> base = BaseGeometry()
>>> base.integer_validator("size", 9)

>>> base.integer_validator("size", "j")
Traceback (most recent call last):
TypeError: size must be an integer
>>> base.integer_validator("size", -5)
Traceback (most recent call last):
ValueError: size must be greater than 0

